// Jest Snapshot v1, https://goo.gl/fbAQLP

exports[`BreadcrumbRouterLink should render 1`] = `
<span
  className="AknBreadcrumb-item AknBreadcrumb-item--routable"
  onClick={[Function]}
>
  content
</span>
`;
